with_masks_P090_T2map.mat
with_masks_P003_T2map.mat
with_masks_P050_T2map.mat
with_masks_P115_T2map.mat
with_masks_P052_T2map.mat
with_masks_P096_T2map.mat
with_masks_P113_T2map.mat
with_masks_P097_T2map.mat
with_masks_P116_T2map.mat
with_masks_P023_T2map.mat
with_masks_P031_T2map.mat
with_masks_P053_T2map.mat
with_masks_P058_T2map.mat
with_masks_P104_T2map.mat
with_masks_P117_T2map.mat
with_masks_P111_T2map.mat
with_masks_P078_T2map.mat
with_masks_P022_T2map.mat
with_masks_P014_T2map.mat
with_masks_P070_T2map.mat
with_masks_P026_T2map.mat
with_masks_P048_T2map.mat
with_masks_P119_T2map.mat
with_masks_P039_T2map.mat
with_masks_P034_T2map.mat
with_masks_P092_T2map.mat
with_masks_P060_T2map.mat
with_masks_P120_T2map.mat
with_masks_P032_T2map.mat
with_masks_P024_T2map.mat
with_masks_P025_T2map.mat
with_masks_P081_T2map.mat
with_masks_P098_T2map.mat
with_masks_P101_T2map.mat
with_masks_P015_T2map.mat
with_masks_P020_T2map.mat
with_masks_P036_T2map.mat
with_masks_P099_T2map.mat
with_masks_P027_T2map.mat
with_masks_P006_T2map.mat
with_masks_P094_T2map.mat
with_masks_P054_T2map.mat
with_masks_P083_T2map.mat
with_masks_P065_T2map.mat
with_masks_P118_T2map.mat
with_masks_P074_T2map.mat
with_masks_P008_T2map.mat
with_masks_P102_T2map.mat
with_masks_P109_T2map.mat
with_masks_P084_T2map.mat
with_masks_P030_T2map.mat
with_masks_P037_T2map.mat
with_masks_P055_T2map.mat
with_masks_P059_T2map.mat
with_masks_P103_T2map.mat
with_masks_P071_T2map.mat
with_masks_P051_T2map.mat
with_masks_P082_T2map.mat
with_masks_P062_T2map.mat
with_masks_P004_T2map.mat
with_masks_P100_T2map.mat
with_masks_P076_T2map.mat
with_masks_P009_T2map.mat
with_masks_P043_T2map.mat
with_masks_P001_T2map.mat
with_masks_P114_T2map.mat
with_masks_P029_T2map.mat
with_masks_P040_T2map.mat
with_masks_P077_T2map.mat
with_masks_P012_T2map.mat
with_masks_P049_T2map.mat
with_masks_P011_T2map.mat
with_masks_P041_T2map.mat
with_masks_P093_T2map.mat
with_masks_P056_T2map.mat
with_masks_P047_T2map.mat
with_masks_P066_T2map.mat
with_masks_P079_T2map.mat
with_masks_P038_T2map.mat
with_masks_P087_T2map.mat
with_masks_P068_T2map.mat
with_masks_P110_T2map.mat
with_masks_P046_T2map.mat
with_masks_P088_T2map.mat
with_masks_P010_T2map.mat
with_masks_P106_T2map.mat
with_masks_P095_T2map.mat
with_masks_P073_T2map.mat
with_masks_P063_T2map.mat
with_masks_P061_T2map.mat
with_masks_P069_T2map.mat
with_masks_P002_T2map.mat
with_masks_P080_T2map.mat
with_masks_P112_T2map.mat
with_masks_P018_T2map.mat
with_masks_P075_T2map.mat
with_masks_P085_T2map.mat
with_masks_P016_T2map.mat
with_masks_P042_T2map.mat
with_masks_P089_T2map.mat
with_masks_P033_T2map.mat
with_masks_P108_T2map.mat
with_masks_P019_T2map.mat
with_masks_P057_T2map.mat
with_masks_P086_T2map.mat
with_masks_P028_T2map.mat
with_masks_P007_T2map.mat
with_masks_P045_T2map.mat
with_masks_P091_T2map.mat
with_masks_P067_T2map.mat
with_masks_P035_T2map.mat
with_masks_P005_T2map.mat
with_masks_P017_T2map.mat
with_masks_P107_T2map.mat
with_masks_P064_T2map.mat
with_masks_P021_T2map.mat
with_masks_P044_T2map.mat
with_masks_P105_T2map.mat
with_masks_P072_T2map.mat
with_masks_P013_T2map.mat