with_masks_P092_cine_lax.mat
with_masks_P024_cine_lax.mat
with_masks_P018_cine_lax.mat
with_masks_P041_cine_lax.mat
with_masks_P055_cine_lax.mat
with_masks_P116_cine_lax.mat
with_masks_P093_cine_lax.mat
with_masks_P096_cine_lax.mat
with_masks_P014_cine_lax.mat
with_masks_P070_cine_lax.mat
with_masks_P078_cine_lax.mat
with_masks_P057_cine_lax.mat
with_masks_P043_cine_lax.mat
with_masks_P030_cine_lax.mat
with_masks_P023_cine_lax.mat
with_masks_P009_cine_lax.mat
with_masks_P115_cine_lax.mat
with_masks_P068_cine_lax.mat
with_masks_P112_cine_lax.mat
with_masks_P064_cine_lax.mat
with_masks_P029_cine_lax.mat
with_masks_P101_cine_lax.mat
with_masks_P061_cine_lax.mat
with_masks_P008_cine_lax.mat
with_masks_P077_cine_lax.mat
with_masks_P006_cine_lax.mat
with_masks_P033_cine_lax.mat
with_masks_P054_cine_lax.mat
with_masks_P048_cine_lax.mat
with_masks_P047_cine_lax.mat
with_masks_P037_cine_lax.mat
with_masks_P042_cine_lax.mat
with_masks_P028_cine_lax.mat
with_masks_P079_cine_lax.mat
with_masks_P039_cine_lax.mat
with_masks_P095_cine_lax.mat
with_masks_P120_cine_lax.mat
with_masks_P010_cine_lax.mat
with_masks_P102_cine_lax.mat
with_masks_P007_cine_lax.mat
with_masks_P035_cine_lax.mat
with_masks_P016_cine_lax.mat
with_masks_P058_cine_lax.mat
with_masks_P091_cine_lax.mat
with_masks_P011_cine_lax.mat
with_masks_P080_cine_lax.mat