P055_cine_sax.mat
P014_cine_sax.mat
P097_cine_sax.mat
P113_cine_sax.mat
P119_cine_sax.mat
P011_cine_sax.mat
P021_cine_sax.mat
P013_cine_sax.mat
P052_cine_sax.mat
P061_cine_sax.mat
P099_cine_sax.mat
P115_cine_sax.mat
P104_cine_sax.mat
P094_cine_sax.mat
P009_cine_sax.mat
P100_cine_sax.mat
P025_cine_sax.mat
P033_cine_sax.mat
P003_cine_sax.mat
P071_cine_sax.mat
P022_cine_sax.mat
P026_cine_sax.mat
P007_cine_sax.mat
P015_cine_sax.mat
P027_cine_sax.mat
P111_cine_sax.mat
P067_cine_sax.mat
P068_cine_sax.mat
P078_cine_sax.mat
P058_cine_sax.mat
P054_cine_sax.mat
P051_cine_sax.mat
P107_cine_sax.mat
P092_cine_sax.mat
P110_cine_sax.mat
P103_cine_sax.mat
P044_cine_sax.mat
P112_cine_sax.mat
P096_cine_sax.mat
P016_cine_sax.mat
P017_cine_sax.mat
P019_cine_sax.mat
P010_cine_sax.mat
P102_cine_sax.mat
P057_cine_sax.mat
P093_cine_sax.mat
P034_cine_sax.mat
P039_cine_sax.mat
P012_cine_sax.mat
P002_cine_sax.mat
P079_cine_sax.mat
P060_cine_sax.mat
P065_cine_sax.mat
P056_cine_sax.mat
P041_cine_sax.mat
P075_cine_sax.mat
P108_cine_sax.mat
P069_cine_sax.mat
P120_cine_sax.mat
P049_cine_sax.mat
P043_cine_sax.mat
P047_cine_sax.mat
P106_cine_sax.mat
P063_cine_sax.mat