with_masks_P078_cine_sax.mat
with_masks_P067_cine_sax.mat
with_masks_P041_cine_sax.mat
with_masks_P010_cine_sax.mat
with_masks_P119_cine_sax.mat
with_masks_P056_cine_sax.mat
with_masks_P113_cine_sax.mat
with_masks_P058_cine_sax.mat
with_masks_P093_cine_sax.mat
with_masks_P120_cine_sax.mat
with_masks_P026_cine_sax.mat
with_masks_P049_cine_sax.mat
with_masks_P002_cine_sax.mat
with_masks_P071_cine_sax.mat
with_masks_P112_cine_sax.mat
with_masks_P034_cine_sax.mat
with_masks_P079_cine_sax.mat
with_masks_P061_cine_sax.mat
with_masks_P009_cine_sax.mat
with_masks_P115_cine_sax.mat
with_masks_P096_cine_sax.mat
with_masks_P027_cine_sax.mat
with_masks_P016_cine_sax.mat
with_masks_P092_cine_sax.mat
with_masks_P055_cine_sax.mat
with_masks_P017_cine_sax.mat
with_masks_P099_cine_sax.mat
with_masks_P044_cine_sax.mat
with_masks_P043_cine_sax.mat
with_masks_P007_cine_sax.mat
with_masks_P052_cine_sax.mat
with_masks_P060_cine_sax.mat
with_masks_P047_cine_sax.mat
with_masks_P014_cine_sax.mat
with_masks_P019_cine_sax.mat
with_masks_P104_cine_sax.mat
with_masks_P111_cine_sax.mat
with_masks_P063_cine_sax.mat
with_masks_P003_cine_sax.mat
with_masks_P057_cine_sax.mat
with_masks_P069_cine_sax.mat
with_masks_P054_cine_sax.mat
with_masks_P102_cine_sax.mat
with_masks_P051_cine_sax.mat
with_masks_P025_cine_sax.mat
with_masks_P039_cine_sax.mat
with_masks_P107_cine_sax.mat
with_masks_P103_cine_sax.mat
with_masks_P022_cine_sax.mat
with_masks_P094_cine_sax.mat
with_masks_P015_cine_sax.mat
with_masks_P097_cine_sax.mat
with_masks_P033_cine_sax.mat
with_masks_P013_cine_sax.mat
with_masks_P065_cine_sax.mat
with_masks_P075_cine_sax.mat
with_masks_P110_cine_sax.mat
with_masks_P100_cine_sax.mat
with_masks_P068_cine_sax.mat
with_masks_P012_cine_sax.mat
with_masks_P108_cine_sax.mat
with_masks_P021_cine_sax.mat
with_masks_P106_cine_sax.mat
with_masks_P011_cine_sax.mat