P001_cine_lax.mat
P014_cine_sax.mat
P029_cine_sax.mat
P043_cine_lax.mat
P057_cine_sax.mat
P071_cine_lax.mat
P095_cine_lax.mat
P109_cine_sax.mat
P001_cine_sax.mat
P015_cine_lax.mat
P030_cine_lax.mat
P043_cine_sax.mat
P058_cine_lax.mat
P071_cine_sax.mat
P095_cine_sax.mat
P110_cine_lax.mat
P002_cine_lax.mat
P015_cine_sax.mat
P030_cine_sax.mat
P044_cine_sax.mat
P058_cine_sax.mat
P072_cine_lax.mat
P096_cine_lax.mat
P110_cine_sax.mat
P002_cine_sax.mat
P016_cine_lax.mat
P031_cine_lax.mat
P045_cine_lax.mat
P059_cine_sax.mat
P072_cine_sax.mat
P096_cine_sax.mat
P111_cine_sax.mat
P003_cine_sax.mat
P016_cine_sax.mat
P031_cine_sax.mat
P045_cine_sax.mat
P060_cine_lax.mat
P073_cine_sax.mat
P097_cine_lax.mat
P112_cine_lax.mat
P004_cine_lax.mat
P017_cine_lax.mat
P032_cine_lax.mat
P046_cine_lax.mat
P060_cine_sax.mat
P074_cine_lax.mat
P097_cine_sax.mat
P112_cine_sax.mat
P004_cine_sax.mat
P017_cine_sax.mat
P032_cine_sax.mat
P046_cine_sax.mat
P061_cine_lax.mat
P074_cine_sax.mat
P098_cine_lax.mat
P113_cine_lax.mat
P005_cine_lax.mat
P018_cine_lax.mat
P033_cine_lax.mat
P047_cine_lax.mat
P061_cine_sax.mat
P075_cine_lax.mat
P098_cine_sax.mat
P113_cine_sax.mat
P005_cine_sax.mat
P018_cine_sax.mat
P033_cine_sax.mat
P047_cine_sax.mat
P062_cine_lax.mat
P075_cine_sax.mat
P099_cine_lax.mat
P114_cine_lax.mat
P006_cine_lax.mat
P019_cine_lax.mat
P034_cine_lax.mat
P048_cine_lax.mat
P062_cine_sax.mat
P076_cine_lax.mat
P099_cine_sax.mat
P114_cine_sax.mat
P006_cine_sax.mat
P019_cine_sax.mat
P034_cine_sax.mat
P048_cine_sax.mat
P063_cine_lax.mat
P076_cine_sax.mat
P100_cine_sax.mat
P115_cine_lax.mat
P007_cine_lax.mat
P020_cine_lax.mat
P035_cine_lax.mat
P049_cine_sax.mat
P063_cine_sax.mat
P077_cine_lax.mat
P101_cine_lax.mat
P115_cine_sax.mat
P007_cine_sax.mat
P020_cine_sax.mat
P035_cine_sax.mat
P050_cine_lax.mat
P064_cine_lax.mat
P077_cine_sax.mat
P101_cine_sax.mat
P116_cine_lax.mat
P008_cine_lax.mat
P021_cine_sax.mat
P036_cine_lax.mat
P050_cine_sax.mat
P064_cine_sax.mat
P078_cine_lax.mat
P102_cine_lax.mat
P116_cine_sax.mat
P008_cine_sax.mat
P022_cine_sax.mat
P036_cine_sax.mat
P051_cine_sax.mat
P065_cine_lax.mat
P078_cine_sax.mat
P102_cine_sax.mat
P117_cine_sax.mat
P009_cine_lax.mat
P023_cine_lax.mat
P037_cine_lax.mat
P052_cine_lax.mat
P065_cine_sax.mat
P079_cine_lax.mat
P103_cine_sax.mat
P118_cine_lax.mat
P009_cine_sax.mat
P023_cine_sax.mat
P037_cine_sax.mat
P052_cine_sax.mat
P066_cine_lax.mat
P079_cine_sax.mat
P104_cine_lax.mat
P118_cine_sax.mat
P010_cine_lax.mat
P024_cine_lax.mat
P038_cine_lax.mat
P053_cine_lax.mat
P066_cine_sax.mat
P080_cine_lax.mat
P104_cine_sax.mat
P119_cine_lax.mat
P010_cine_sax.mat
P024_cine_sax.mat
P038_cine_sax.mat
P053_cine_sax.mat
P067_cine_lax.mat
P091_cine_lax.mat
P105_cine_lax.mat
P119_cine_sax.mat
P011_cine_lax.mat
P025_cine_lax.mat
P039_cine_lax.mat
P054_cine_lax.mat
P067_cine_sax.mat
P091_cine_sax.mat
P105_cine_sax.mat
P120_cine_lax.mat
P011_cine_sax.mat
P025_cine_sax.mat
P039_cine_sax.mat
P054_cine_sax.mat
P068_cine_lax.mat
P092_cine_lax.mat
P106_cine_lax.mat
P120_cine_sax.mat
P012_cine_lax.mat
P026_cine_sax.mat
P040_cine_sax.mat
P055_cine_lax.mat
P068_cine_sax.mat
P092_cine_sax.mat
P106_cine_sax.mat
P012_cine_sax.mat
P027_cine_sax.mat
P041_cine_lax.mat
P055_cine_sax.mat
P069_cine_lax.mat
P093_cine_lax.mat
P107_cine_lax.mat
P013_cine_lax.mat
P028_cine_lax.mat
P041_cine_sax.mat
P056_cine_lax.mat
P069_cine_sax.mat
P093_cine_sax.mat
P107_cine_sax.mat
P013_cine_sax.mat
P028_cine_sax.mat
P042_cine_lax.mat
P056_cine_sax.mat
P070_cine_lax.mat
P094_cine_lax.mat
P108_cine_sax.mat
P014_cine_lax.mat
P029_cine_lax.mat
P042_cine_sax.mat
P057_cine_lax.mat
P070_cine_sax.mat
P094_cine_sax.mat
P109_cine_lax.mat