P001_cine_lax.mat
P008_cine_lax.mat
P015_cine_sax.mat
P022_cine_sax.mat
P031_cine_lax.mat
P039_cine_lax.mat
P046_cine_sax.mat
P053_cine_sax.mat
P001_cine_sax.mat
P008_cine_sax.mat
P016_cine_lax.mat
P023_cine_sax.mat
P031_cine_sax.mat
P039_cine_sax.mat
P047_cine_lax.mat
P054_cine_sax.mat
P002_cine_lax.mat
P009_cine_lax.mat
P016_cine_sax.mat
P024_cine_lax.mat
P032_cine_sax.mat
P040_cine_lax.mat
P047_cine_sax.mat
P055_cine_lax.mat
P002_cine_sax.mat
P009_cine_sax.mat
P017_cine_lax.mat
P024_cine_sax.mat
P033_cine_lax.mat
P040_cine_sax.mat
P048_cine_lax.mat
P055_cine_sax.mat
P003_cine_lax.mat
P010_cine_lax.mat
P017_cine_sax.mat
P025_cine_sax.mat
P033_cine_sax.mat
P041_cine_lax.mat
P048_cine_sax.mat
P056_cine_lax.mat
P003_cine_sax.mat
P010_cine_sax.mat
P018_cine_lax.mat
P026_cine_lax.mat
P034_cine_sax.mat
P041_cine_sax.mat
P049_cine_lax.mat
P056_cine_sax.mat
P004_cine_lax.mat
P011_cine_lax.mat
P018_cine_sax.mat
P026_cine_sax.mat
P035_cine_lax.mat
P042_cine_lax.mat
P049_cine_sax.mat
P057_cine_lax.mat
P004_cine_sax.mat
P011_cine_sax.mat
P019_cine_lax.mat
P027_cine_lax.mat
P035_cine_sax.mat
P042_cine_sax.mat
P050_cine_lax.mat
P057_cine_sax.mat
P005_cine_lax.mat
P012_cine_sax.mat
P019_cine_sax.mat
P027_cine_sax.mat
P036_cine_lax.mat
P043_cine_lax.mat
P050_cine_sax.mat
P058_cine_sax.mat
P005_cine_sax.mat
P013_cine_lax.mat
P020_cine_lax.mat
P028_cine_lax.mat
P036_cine_sax.mat
P043_cine_sax.mat
P051_cine_lax.mat
P059_cine_lax.mat
P006_cine_lax.mat
P013_cine_sax.mat
P020_cine_sax.mat
P028_cine_sax.mat
P037_cine_lax.mat
P044_cine_lax.mat
P051_cine_sax.mat
P059_cine_sax.mat
P006_cine_sax.mat
P014_cine_lax.mat
P021_cine_lax.mat
P029_cine_lax.mat
P037_cine_sax.mat
P044_cine_sax.mat
P052_cine_lax.mat
P060_cine_lax.mat
P007_cine_lax.mat
P014_cine_sax.mat
P021_cine_sax.mat
P029_cine_sax.mat
P038_cine_lax.mat
P045_cine_sax.mat
P052_cine_sax.mat
P060_cine_sax.mat
P007_cine_sax.mat
P015_cine_lax.mat
P022_cine_lax.mat
P030_cine_sax.mat
P038_cine_sax.mat
P046_cine_lax.mat
P053_cine_lax.mat