file_prostate_AXT2_0004.h5
file_prostate_AXT2_0091.h5
file_prostate_AXT2_0178.h5
file_prostate_AXT2_0222.h5
file_prostate_AXT2_0299.h5
file_prostate_AXT2_0028.h5
file_prostate_AXT2_0100.h5
file_prostate_AXT2_0180.h5
file_prostate_AXT2_0224.h5
file_prostate_AXT2_0300.h5
file_prostate_AXT2_0036.h5
file_prostate_AXT2_0104.h5
file_prostate_AXT2_0183.h5
file_prostate_AXT2_0225.h5
file_prostate_AXT2_0304.h5
file_prostate_AXT2_0037.h5
file_prostate_AXT2_0125.h5
file_prostate_AXT2_0184.h5
file_prostate_AXT2_0256.h5
file_prostate_AXT2_0305.h5
file_prostate_AXT2_0038.h5
file_prostate_AXT2_0135.h5
file_prostate_AXT2_0193.h5
file_prostate_AXT2_0265.h5
file_prostate_AXT2_0307.h5
file_prostate_AXT2_0049.h5
file_prostate_AXT2_0136.h5
file_prostate_AXT2_0196.h5
file_prostate_AXT2_0269.h5
file_prostate_AXT2_0312.h5
file_prostate_AXT2_0050.h5
file_prostate_AXT2_0138.h5
file_prostate_AXT2_0204.h5
file_prostate_AXT2_0273.h5
file_prostate_AXT2_0052.h5
file_prostate_AXT2_0140.h5
file_prostate_AXT2_0207.h5
file_prostate_AXT2_0275.h5
file_prostate_AXT2_0061.h5
file_prostate_AXT2_0165.h5
file_prostate_AXT2_0212.h5
file_prostate_AXT2_0281.h5
file_prostate_AXT2_0086.h5
file_prostate_AXT2_0168.h5
file_prostate_AXT2_0215.h5
file_prostate_AXT2_0289.h5