file_prostate_AXT2_0244.h5
file_prostate_AXT2_0058.h5
file_prostate_AXT2_0309.h5
file_prostate_AXT2_0234.h5
file_prostate_AXT2_0223.h5
file_prostate_AXT2_0172.h5
file_prostate_AXT2_0060.h5
file_prostate_AXT2_0103.h5
file_prostate_AXT2_0252.h5
file_prostate_AXT2_0011.h5
file_prostate_AXT2_0235.h5
file_prostate_AXT2_0308.h5
file_prostate_AXT2_0006.h5
file_prostate_AXT2_0245.h5
file_prostate_AXT2_0081.h5
file_prostate_AXT2_0114.h5
file_prostate_AXT2_0076.h5
file_prostate_AXT2_0166.h5
file_prostate_AXT2_0191.h5
file_prostate_AXT2_0237.h5
file_prostate_AXT2_0074.h5
file_prostate_AXT2_0116.h5
file_prostate_AXT2_0083.h5
file_prostate_AXT2_0218.h5
file_prostate_AXT2_0247.h5
file_prostate_AXT2_0250.h5
file_prostate_AXT2_0094.h5
file_prostate_AXT2_0063.h5
file_prostate_AXT2_0220.h5
file_prostate_AXT2_0186.h5
file_prostate_AXT2_0171.h5
file_prostate_AXT2_0012.h5
file_prostate_AXT2_0187.h5
file_prostate_AXT2_0062.h5
file_prostate_AXT2_0095.h5
file_prostate_AXT2_0251.h5
file_prostate_AXT2_0082.h5
file_prostate_AXT2_0075.h5
file_prostate_AXT2_0148.h5
file_prostate_AXT2_0236.h5
file_prostate_AXT2_0039.h5
file_prostate_AXT2_0016.h5
file_prostate_AXT2_0163.h5
file_prostate_AXT2_0001.h5
file_prostate_AXT2_0194.h5
file_prostate_AXT2_0113.h5
file_prostate_AXT2_0071.h5
file_prostate_AXT2_0242.h5
file_prostate_AXT2_0087.h5
file_prostate_AXT2_0070.h5
file_prostate_AXT2_0112.h5
file_prostate_AXT2_0162.h5
file_prostate_AXT2_0175.h5
file_prostate_AXT2_0182.h5
file_prostate_AXT2_0067.h5
file_prostate_AXT2_0105.h5
file_prostate_AXT2_0090.h5
file_prostate_AXT2_0254.h5
file_prostate_AXT2_0226.h5
file_prostate_AXT2_0279.h5
file_prostate_AXT2_0177.h5
file_prostate_AXT2_0128.h5
file_prostate_AXT2_0209.h5
file_prostate_AXT2_0092.h5
file_prostate_AXT2_0107.h5
file_prostate_AXT2_0065.h5
file_prostate_AXT2_0158.h5
file_prostate_AXT2_0110.h5
file_prostate_AXT2_0230.h5
file_prostate_AXT2_0161.h5
file_prostate_AXT2_0240.h5
file_prostate_AXT2_0073.h5
file_prostate_AXT2_0111.h5
file_prostate_AXT2_0159.h5
file_prostate_AXT2_0064.h5
file_prostate_AXT2_0093.h5
file_prostate_AXT2_0257.h5
file_prostate_AXT2_0129.h5
file_prostate_AXT2_0014.h5
file_prostate_AXT2_0176.h5
file_prostate_AXT2_0181.h5
file_prostate_AXT2_0278.h5
file_prostate_AXT2_0266.h5
file_prostate_AXT2_0239.h5
file_prostate_AXT2_0055.h5
file_prostate_AXT2_0137.h5
file_prostate_AXT2_0291.h5
file_prostate_AXT2_0249.h5
file_prostate_AXT2_0118.h5
file_prostate_AXT2_0032.h5
file_prostate_AXT2_0150.h5
file_prostate_AXT2_0201.h5
file_prostate_AXT2_0286.h5
file_prostate_AXT2_0120.h5
file_prostate_AXT2_0271.h5
file_prostate_AXT2_0188.h5
file_prostate_AXT2_0287.h5
file_prostate_AXT2_0200.h5
file_prostate_AXT2_0146.h5
file_prostate_AXT2_0024.h5
file_prostate_AXT2_0248.h5
file_prostate_AXT2_0217.h5
file_prostate_AXT2_0169.h5
file_prostate_AXT2_0054.h5
file_prostate_AXT2_0238.h5
file_prostate_AXT2_0267.h5
file_prostate_AXT2_0134.h5
file_prostate_AXT2_0272.h5
file_prostate_AXT2_0031.h5
file_prostate_AXT2_0153.h5
file_prostate_AXT2_0099.h5
file_prostate_AXT2_0202.h5
file_prostate_AXT2_0203.h5
file_prostate_AXT2_0098.h5
file_prostate_AXT2_0152.h5
file_prostate_AXT2_0311.h5
file_prostate_AXT2_0284.h5
file_prostate_AXT2_0293.h5
file_prostate_AXT2_0057.h5
file_prostate_AXT2_0264.h5
file_prostate_AXT2_0078.h5
file_prostate_AXT2_0027.h5
file_prostate_AXT2_0214.h5
file_prostate_AXT2_0179.h5
file_prostate_AXT2_0044.h5
file_prostate_AXT2_0109.h5
file_prostate_AXT2_0156.h5
file_prostate_AXT2_0034.h5
file_prostate_AXT2_0258.h5
file_prostate_AXT2_0302.h5
file_prostate_AXT2_0131.h5
file_prostate_AXT2_0053.h5
file_prostate_AXT2_0303.h5
file_prostate_AXT2_0261.h5
file_prostate_AXT2_0022.h5
file_prostate_AXT2_0211.h5
file_prostate_AXT2_0206.h5
file_prostate_AXT2_0259.h5
file_prostate_AXT2_0108.h5
file_prostate_AXT2_0276.h5
file_prostate_AXT2_0127.h5
file_prostate_AXT2_0283.h5
file_prostate_AXT2_0018.h5
file_prostate_AXT2_0047.h5
file_prostate_AXT2_0274.h5
file_prostate_AXT2_0263.h5
file_prostate_AXT2_0132.h5
file_prostate_AXT2_0088.h5
file_prostate_AXT2_0143.h5
file_prostate_AXT2_0295.h5
file_prostate_AXT2_0133.h5
file_prostate_AXT2_0205.h5
file_prostate_AXT2_0069.h5
