file_prostate_AXT2_0115.h5
file_prostate_AXT2_0241.h5
file_prostate_AXT2_0066.h5
file_prostate_AXT2_0229.h5
file_prostate_AXT2_0072.h5
file_prostate_AXT2_0285.h5
file_prostate_AXT2_0121.h5
file_prostate_AXT2_0085.h5
file_prostate_AXT2_0192.h5
file_prostate_AXT2_0164.h5
file_prostate_AXT2_0292.h5
file_prostate_AXT2_0124.h5
file_prostate_AXT2_0144.h5
file_prostate_AXT2_0059.h5
file_prostate_AXT2_0262.h5
file_prostate_AXT2_0117.h5
file_prostate_AXT2_0288.h5
file_prostate_AXT2_0010.h5
file_prostate_AXT2_0198.h5
file_prostate_AXT2_0008.h5
file_prostate_AXT2_0048.h5
file_prostate_AXT2_0149.h5
file_prostate_AXT2_0029.h5
file_prostate_AXT2_0185.h5
file_prostate_AXT2_0219.h5
file_prostate_AXT2_0260.h5
file_prostate_AXT2_0042.h5
file_prostate_AXT2_0096.h5
file_prostate_AXT2_0141.h5
file_prostate_AXT2_0216.h5
file_prostate_AXT2_0084.h5
file_prostate_AXT2_0195.h5
file_prostate_AXT2_0297.h5
file_prostate_AXT2_0040.h5
file_prostate_AXT2_0189.h5
file_prostate_AXT2_0079.h5
file_prostate_AXT2_0231.h5
file_prostate_AXT2_0013.h5
file_prostate_AXT2_0167.h5
file_prostate_AXT2_0077.h5
file_prostate_AXT2_0298.h5
file_prostate_AXT2_0041.h5
file_prostate_AXT2_0210.h5
file_prostate_AXT2_0232.h5
file_prostate_AXT2_0173.h5
file_prostate_AXT2_0017.h5
file_prostate_AXT2_0089.h5
file_prostate_AXT2_0160.h5
